EN question1_top_module NULL D:/FPGA/EEE458_TurhanCanKargin_Question1/question1_top_module.vhd sub00/vhpl02 1588347203
AR question1_top_module behavioral D:/FPGA/EEE458_TurhanCanKargin_Question1/question1_top_module.vhd sub00/vhpl03 1588347204
AR eight_bit_register behavioral D:/FPGA/EEE458_TurhanCanKargin_Question1/eight_bit_register.vhd sub00/vhpl01 1588347202
EN eight_bit_register NULL D:/FPGA/EEE458_TurhanCanKargin_Question1/eight_bit_register.vhd sub00/vhpl00 1588347201
