AR twelve_bit_general_purpose_register behavioral D:/FPGA/EEE458_TurhanCanKargin_Question5/twelve_bit_general_purpose_register.vhd sub00/vhpl01 1588348349
EN twelve_bit_general_purpose_register NULL D:/FPGA/EEE458_TurhanCanKargin_Question5/twelve_bit_general_purpose_register.vhd sub00/vhpl00 1588348348
