EN question2_top_module NULL D:/FPGA/EEE458_TurhanCanKargin_Question4/question4_top_module.vhd sub00/vhpl02 1588336488
AR question4_top_module behavioral D:/FPGA/EEE458_TurhanCanKargin_Question4/question4_top_module.vhd sub00/vhpl05 1588348144
AR question2_top_module behavioral D:/FPGA/EEE458_TurhanCanKargin_Question4/question4_top_module.vhd sub00/vhpl03 1588336489
AR four_bit_operation_register behavioral D:/FPGA/EEE458_TurhanCanKargin_Question4/four_bit_operation_register.vhd sub00/vhpl01 1588348142
EN four_bit_operation_register NULL D:/FPGA/EEE458_TurhanCanKargin_Question4/four_bit_operation_register.vhd sub00/vhpl00 1588348141
EN question4_top_module NULL D:/FPGA/EEE458_TurhanCanKargin_Question4/question4_top_module.vhd sub00/vhpl04 1588348143
